// Jest Snapshot v1, https://goo.gl/fbAQLP

exports[`i18n macoolka.data-model.idRepeat 1`] = `"Id[name] repeat in Model[test]."`;
